// Jest Snapshot v1, https://goo.gl/fbAQLP

exports[`The Question Detail Component The Display element Should not regress 1`] = `
<div>
  <h3
    className="mb-2"
  >
    help me!
  </h3>
  <div>
    <div
      className="mb-3"
    >
      <div>
        <code>
          hitchhickers guide to the galaxy
          ?
        </code>
      </div>
    </div>
    <div>
      <p>
        what is the meaning of life?
      </p>
    </div>
    <div>
      0
       Answers
    </div>
  </div>
</div>
`;
